// Jest Snapshot v1, https://goo.gl/fbAQLP

exports[`Store::configureStore creates a default store with middleware 1`] = `
Object {
  "dispatch": [Function],
  "getState": [Function],
  "replaceReducer": [Function],
  "subscribe": [Function],
  Symbol(observable): [Function],
}
`;

exports[`Store::configureStore matches the snapshot 1`] = `[Function]`;
