// Jest Snapshot v1, https://goo.gl/fbAQLP

exports[`Reducers::Modal matches the snapshot 1`] = `[Function]`;

exports[`Reducers::Modal setModalRootComponent action matches the snapshot 1`] = `
Object {
  "root_component": [MockFunction],
  "visible": false,
}
`;

exports[`Reducers::Modal setModalVisibility action matches the snapshot 1`] = `
Object {
  "root_component": null,
  "visible": true,
}
`;
