exports[`Error maps dispatch to props 1`] = `
Object {
  "addError": [Function],
  "fetchHours": [Function],
  "fetchSlides": [Function],
  "fetchedHours": [Function],
  "fetchedSlides": [Function],
  "fetchingHours": [Function],
  "fetchingSlides": [Function],
  "scrollToSlide": [Function],
  "setHours": [Function],
  "setKiosk": [Function],
  "setModalRootComponent": [Function],
  "setModalVisibility": [Function],
  "setSlides": [Function],
  "setTitle": [Function],
}
`;

exports[`Error maps state to props 1`] = `
Object {
  "errors": Array [
    Object {
      "code": "500",
      "message": "Error",
    },
  ],
}
`;
