exports[`Snapshot does not change the state of the component onClick 1`] = `
<li
  className="class"
  onClick={[Function]}
  role="main">
  <a>
    blah
  </a>
</li>
`;

exports[`Snapshot does not change the state of the component onClick 2`] = `
<li
  className="class"
  onClick={[Function]}
  role="main">
  <a>
    blah
  </a>
</li>
`;

exports[`Snapshot runs a callback onClick 1`] = `
<li
  className="class"
  onClick={[Function]}
  role="main">
  <a>
    blah
  </a>
</li>
`;

exports[`Snapshot should match the cached snapshot 1`] = `
<li
  className="class"
  onClick={[Function]}
  role="main">
  <a>
    blah
  </a>
</li>
`;
