exports[`Shared::ModalWindow can be closed 1`] = `
<div
  id="modal"
  onClick={[Function]}
  style={
    Object {
      "display": "block",
    }
  }>
  <SPAN
    className="glyphicon glyphicon-remove-circle"
    id="modal_close"
    onClick={[Function]}>
    
  </SPAN>
  <H1>
    test
  </H1>
</div>
`;

exports[`Shared::ModalWindow can be closed 2`] = `
<div
  id="modal"
  onClick={[Function]}
  style={
    Object {
      "display": "block",
    }
  }>
  <SPAN
    className="glyphicon glyphicon-remove-circle"
    id="modal_close"
    onClick={[Function]}>
    
  </SPAN>
  <H1>
    test
  </H1>
</div>
`;

exports[`Snapshot matches the cached snapshot 1`] = `
<div
  id="modal"
  onClick={[Function]}
  style={
    Object {
      "display": "block",
    }
  }>
  <SPAN
    className="glyphicon glyphicon-remove-circle"
    id="modal_close"
    onClick={[Function]}>
    
  </SPAN>
  <H1>
    test
  </H1>
</div>
`;
